// Jest Snapshot v1, https://goo.gl/fbAQLP

exports[`<Button> should match snapshot 1`] = `
<styled.button
  onClick={[Function]}
>
  <styled.div />
</styled.button>
`;
